
node:internal/modules/run_main:123
    triggerUncaughtException(
    ^
Error [ERR_MODULE_NOT_FOUND]: Cannot find module 'D:\Job\GithubOpenSources\chrome-extension-boilerplate-react-vite\build.mts' imported from D:\Job\GithubOpenSources\chrome-extension-boilerplate-react-vite\
    at finalizeResolution (node:internal/modules/esm/resolve:274:11)
    at moduleResolve (node:internal/modules/esm/resolve:859:10)
    at defaultResolve (node:internal/modules/esm/resolve:983:11)
    at nextResolve (node:internal/modules/esm/hooks:748:28)
    at resolveBase (file:///D:/Job/GithubOpenSources/chrome-extension-boilerplate-react-vite/node_modules/.pnpm/tsx@4.20.5/node_modules/tsx/dist/esm/index.mjs?1769064150117:2:3744)
    at async resolveDirectory (file:///D:/Job/GithubOpenSources/chrome-extension-boilerplate-react-vite/node_modules/.pnpm/tsx@4.20.5/node_modules/tsx/dist/esm/index.mjs?1769064150117:2:4237)
    at async resolve (file:///D:/Job/GithubOpenSources/chrome-extension-boilerplate-react-vite/node_modules/.pnpm/tsx@4.20.5/node_modules/tsx/dist/esm/index.mjs?1769064150117:2:5355)
    at async nextResolve (node:internal/modules/esm/hooks:748:22)
    at async Hooks.resolve (node:internal/modules/esm/hooks:240:24)
    at async handleMessage (node:internal/modules/esm/worker:199:18) {
  code: 'ERR_MODULE_NOT_FOUND',
  url: 'file:///D:/Job/GithubOpenSources/chrome-extension-boilerplate-react-vite/build.mts'
}

Node.js v22.18.0
